###############################################################################
#
# IAR ELF Linker V9.20.4.327/W64 for ARM                  12/Mar/2023  21:38:57
# Copyright 2007-2022 IAR Systems AB.
#
#    Output file  =
#        C:\Users\ckokk\Desktop\bbbb\CSE2_Gr17\Debug\Exe\CSE2_Gr17.out
#    Map file     =
#        C:\Users\ckokk\Desktop\bbbb\CSE2_Gr17\Debug\List\CSE2_Gr17.map
#    Command line =
#        -f C:\Users\ckokk\Desktop\bbbb\CSE2_Gr17\Debug\Exe\CSE2_Gr17.out.rsp
#        (C:\Users\ckokk\Desktop\bbbb\CSE2_Gr17\Debug\Obj\context_switching_functions_march_2019.o
#        C:\Users\ckokk\Desktop\bbbb\CSE2_Gr17\Debug\Obj\cstartup.o
#        C:\Users\ckokk\Desktop\bbbb\CSE2_Gr17\Debug\Obj\exceptions.o
#        C:\Users\ckokk\Desktop\bbbb\CSE2_Gr17\Debug\Obj\kernel_functions.o
#        C:\Users\ckokk\Desktop\bbbb\CSE2_Gr17\Debug\Obj\mailbox_functions.o
#        C:\Users\ckokk\Desktop\bbbb\CSE2_Gr17\Debug\Obj\main.o
#        C:\Users\ckokk\Desktop\bbbb\CSE2_Gr17\Debug\Obj\startup_sam3x.o
#        C:\Users\ckokk\Desktop\bbbb\CSE2_Gr17\Debug\Obj\system_sam3x.o
#        --no_out_extension -o
#        C:\Users\ckokk\Desktop\bbbb\CSE2_Gr17\Debug\Exe\CSE2_Gr17.out
#        --redirect _Printf=_PrintfFullNoMb --redirect _Scanf=_ScanfFullNoMb
#        --map C:\Users\ckokk\Desktop\bbbb\CSE2_Gr17\Debug\List\CSE2_Gr17.map
#        --config C:\Users\ckokk\Desktop\bbbb\CSE2_Gr17\sam3x8-sram_BigHeap.icf
#        --semihosting --entry __iar_program_start --vfe --text_out locale)
#
###############################################################################

*******************************************************************************
*** RUNTIME MODEL ATTRIBUTES
***

CppFlavor       = *
__CPP_Runtime   = 1
__Heap_Handler  = Basic
__SystemLibrary = DLib
__dlib_version  = 6


*******************************************************************************
*** HEAP SELECTION
***

The basic heap was selected because some modules are built with
size limitations (and not runtime checking), and --advanced_heap
was not specified.


*******************************************************************************
*** PLACEMENT SUMMARY
***

"A0":  place at address 0x2007'0000 { ro section .intvec };
"P1":  place in [from 0x2007'0000 to 0x2008'7fff] { ro };
define block CSTACK with size = 2K, alignment = 8 { };
define block HEAP with size = 8K, alignment = 8 { };
"P2":  place in [from 0x2007'0000 to 0x2008'7fff] {
          rw, block CSTACK, block HEAP };
initialize by copy with packing = none, complex ranges { rw };

  Section            Kind         Address    Size  Object
  -------            ----         -------    ----  ------
"A0":                                        0xf4
  .intvec                     0x2007'0000    0xf4  <Block>
    .intvec          const    0x2007'0000    0xf4  startup_sam3x.o [1]
                            - 0x2007'00f4    0xf4

"P1-P2", part 1 of 2:                      0x120c
  .text              ro code  0x2007'00f4   0x4aa  mailbox_functions.o [1]
  .text              ro code  0x2007'059e    0x2a  copy_init3.o [3]
  .text              ro code  0x2007'05c8   0x170  heap0.o [2]
  .text              ro code  0x2007'0738   0x1c8  context_switching_functions_march_2019.o [1]
  .text              ro code  0x2007'0900    0xa6  ABImemcpy.o [3]
  .text              ro code  0x2007'09a6     0x2  exceptions.o [1]
  .text              ro code  0x2007'09a8   0x378  kernel_functions.o [1]
  .text              ro code  0x2007'0d20     0x4  heaptramp0.o [2]
  .text              ro code  0x2007'0d24    0x2c  xgetmemchunk.o [2]
  .text              ro code  0x2007'0d50    0x12  xxmemxmemzero.o [2]
  .text              ro code  0x2007'0d64   0x3a0  main.o [1]
  .text              ro code  0x2007'1104    0xa0  system_sam3x.o [1]
  .text              ro code  0x2007'11a4    0x30  startup_sam3x.o [1]
  .text              ro code  0x2007'11d4     0xc  cstartup.o [1]
  .text              ro code  0x2007'11e0    0x1e  cmain.o [3]
  .text              ro code  0x2007'1200    0x28  data_init.o [3]
  .text              ro code  0x2007'1228     0x4  exit.o [2]
  .text              ro code  0x2007'122c     0xa  cexit.o [3]
  .text              ro code  0x2007'1238    0x14  exit.o [4]
  .iar.init_table    const    0x2007'124c    0x14  - Linker created -
  .rodata            const    0x2007'1260     0x0  copy_init3.o [3]
  P1-P2 s0                    0x2007'1260    0x50  <Init block>
    .bss             inited   0x2007'1260     0x8  heap0.o [2]
    .data            inited   0x2007'1268     0x4  main.o [1]
    .data            inited   0x2007'126c     0x4  main.o [1]
    .data            inited   0x2007'1270     0x4  main.o [1]
    .data            inited   0x2007'1274     0x4  system_sam3x.o [1]
    .bss             inited   0x2007'1278     0x4  kernel_functions.o [1]
    .bss             inited   0x2007'127c     0x4  kernel_functions.o [1]
    .bss             inited   0x2007'1280     0x4  kernel_functions.o [1]
    .bss             inited   0x2007'1284     0x4  kernel_functions.o [1]
    .bss             inited   0x2007'1288     0x4  kernel_functions.o [1]
    .bss             inited   0x2007'128c     0x4  kernel_functions.o [1]
    .bss             inited   0x2007'1290     0x4  kernel_functions.o [1]
    .bss             inited   0x2007'1294     0x4  kernel_functions.o [1]
    .bss             inited   0x2007'1298     0x4  main.o [1]
    .bss             inited   0x2007'129c     0x4  main.o [1]
    .bss             inited   0x2007'12a0     0x4  main.o [1]
    .bss             inited   0x2007'12a4     0x4  main.o [1]
    .bss             inited   0x2007'12a8     0x4  main.o [1]
    .bss             inited   0x2007'12ac     0x4  xgetmemchunk.o [2]
  Initializer bytes  const    0x2007'12b0    0x50  <for P1-P2 s0>
                            - 0x2007'1300  0x120c

"P1-P2", part 2 of 2:                      0x2800
  CSTACK                      0x2007'1300   0x800  <Block>
    CSTACK           uninit   0x2007'1300   0x800  <Block tail>
  HEAP                        0x2007'1b00  0x2000  <Block>
    HEAP             uninit   0x2007'1b00  0x2000  <Block tail>
                            - 0x2007'3b00  0x2800

Unused ranges:

         From           To      Size
         ----           --      ----
  0x2007'3b00  0x2008'7fff  0x1'4500


*******************************************************************************
*** INIT TABLE
***

          Address      Size
          -------      ----
Copy (__iar_copy_init3)
    1 source range, total size 0x50:
          0x2007'12b0  0x50
    1 destination range, total size 0x50:
          0x2007'1260  0x50



*******************************************************************************
*** MODULE SUMMARY
***

    Module                                    ro code  ro data  rw data
    ------                                    -------  -------  -------
command line/config:
    -------------------------------------------------------------------
    Total:

C:\Users\ckokk\Desktop\bbbb\CSE2_Gr17\Debug\Obj: [1]
    context_switching_functions_march_2019.o      456
    cstartup.o                                     12
    exceptions.o                                    2
    kernel_functions.o                            888       32       32
    mailbox_functions.o                         1'194
    main.o                                        928       32       32
    startup_sam3x.o                                48      244
    system_sam3x.o                                160        4        4
    -------------------------------------------------------------------
    Total:                                      3'688      312       68

dl7M_tln.a: [2]
    exit.o                                          4
    heap0.o                                       368        8        8
    heaptramp0.o                                    4
    xgetmemchunk.o                                 44        4        4
    xxmemxmemzero.o                                18
    -------------------------------------------------------------------
    Total:                                        438       12       12

rt7M_tl.a: [3]
    ABImemcpy.o                                   166
    cexit.o                                        10
    cmain.o                                        30
    copy_init3.o                                   42
    data_init.o                                    40
    -------------------------------------------------------------------
    Total:                                        288

shb_l.a: [4]
    exit.o                                         20
    -------------------------------------------------------------------
    Total:                                         20

    Gaps                                            6
    Linker created                                          20   10'240
-----------------------------------------------------------------------
    Grand Total:                                4'440      344   10'320


*******************************************************************************
*** ENTRY LIST
***

Entry                       Address   Size  Type      Object
-----                       -------   ----  ----      ------
.iar.init_table$$Base   0x2007'124c          --   Gb  - Linker created -
.iar.init_table$$Limit  0x2007'1260          --   Gb  - Linker created -
.intvec$$Base           0x2007'0000          --   Gb  - Linker created -
.intvec$$Limit          0x2007'00f4          --   Gb  - Linker created -
?main                   0x2007'11e1         Code  Gb  cmain.o [3]
ADC_Handler             0x2007'09a7    0x2  Code  Wk  exceptions.o [1]
Aldata                  0x2007'1260    0x8  Data  Lc  heap0.o [2]
BusFault_Handler        0x2007'09a7    0x2  Code  Wk  exceptions.o [1]
CAN0_Handler            0x2007'09a7    0x2  Code  Wk  exceptions.o [1]
CAN1_Handler            0x2007'09a7    0x2  Code  Wk  exceptions.o [1]
CSTACK$$Base            0x2007'1300          --   Gb  - Linker created -
CSTACK$$Limit           0x2007'1b00          --   Gb  - Linker created -
DACC_Handler            0x2007'09a7    0x2  Code  Wk  exceptions.o [1]
DMAC_Handler            0x2007'09a7    0x2  Code  Wk  exceptions.o [1]
DebugMon_Handler        0x2007'09a7    0x2  Code  Wk  exceptions.o [1]
Dummy_Handler           0x2007'09a7    0x2  Code  Gb  exceptions.o [1]
EFC0_Handler            0x2007'09a7    0x2  Code  Wk  exceptions.o [1]
EFC1_Handler            0x2007'09a7    0x2  Code  Wk  exceptions.o [1]
HEAP$$Base              0x2007'1b00          --   Gb  - Linker created -
HEAP$$Limit             0x2007'3b00          --   Gb  - Linker created -
HSMCI_Handler           0x2007'09a7    0x2  Code  Wk  exceptions.o [1]
HardFault_Handler       0x2007'09a7    0x2  Code  Wk  exceptions.o [1]
KernelMode              0x2007'127c    0x4  Data  Gb  kernel_functions.o [1]
LoadContext_In_Run      0x2007'0861         Code  Gb  context_switching_functions_march_2019.o [1]
LoadContext_In_Terminate
                        0x2007'0853         Code  Gb  context_switching_functions_march_2019.o [1]
MemManage_Handler       0x2007'09a7    0x2  Code  Wk  exceptions.o [1]
NMI_Handler             0x2007'09a7    0x2  Code  Wk  exceptions.o [1]
NVIC_SetPriority        0x2007'0d65   0x28  Code  Lc  main.o [1]
NextTask                0x2007'1290    0x4  Data  Gb  kernel_functions.o [1]
PIOA_Handler            0x2007'09a7    0x2  Code  Wk  exceptions.o [1]
PIOB_Handler            0x2007'09a7    0x2  Code  Wk  exceptions.o [1]
PIOC_Handler            0x2007'09a7    0x2  Code  Wk  exceptions.o [1]
PIOD_Handler            0x2007'09a7    0x2  Code  Wk  exceptions.o [1]
PMC_Handler             0x2007'09a7    0x2  Code  Wk  exceptions.o [1]
PWM_Handler             0x2007'09a7    0x2  Code  Wk  exceptions.o [1]
PendSV_Handler          0x2007'09a7    0x2  Code  Wk  exceptions.o [1]
PreviousTask            0x2007'128c    0x4  Data  Gb  kernel_functions.o [1]
RSTC_Handler            0x2007'09a7    0x2  Code  Wk  exceptions.o [1]
RTC_Handler             0x2007'09a7    0x2  Code  Wk  exceptions.o [1]
RTT_Handler             0x2007'09a7    0x2  Code  Wk  exceptions.o [1]
ReadyList               0x2007'1280    0x4  Data  Gb  kernel_functions.o [1]
Region$$Table$$Base     0x2007'124c          --   Gb  - Linker created -
Region$$Table$$Limit    0x2007'1260          --   Gb  - Linker created -
Reset_Handler           0x2007'11cd    0x8  Code  Gb  startup_sam3x.o [1]
Runnning                0x2007'1294    0x4  Data  Gb  kernel_functions.o [1]
SPI0_Handler            0x2007'09a7    0x2  Code  Wk  exceptions.o [1]
SSC_Handler             0x2007'09a7    0x2  Code  Wk  exceptions.o [1]
SUPC_Handler            0x2007'09a7    0x2  Code  Wk  exceptions.o [1]
SVC_Handler             0x2007'0789         Code  Gb  context_switching_functions_march_2019.o [1]
SwitchContext           0x2007'0845         Code  Gb  context_switching_functions_march_2019.o [1]
SysTick_Config          0x2007'0d8d   0x36  Code  Lc  main.o [1]
SysTick_Handler         0x2007'0739         Code  Gb  context_switching_functions_march_2019.o [1]
SystemCoreClock         0x2007'1274    0x4  Data  Gb  system_sam3x.o [1]
SystemInit              0x2007'1105   0x6e  Code  Gb  system_sam3x.o [1]
TC0_Handler             0x2007'09a7    0x2  Code  Wk  exceptions.o [1]
TC1_Handler             0x2007'09a7    0x2  Code  Wk  exceptions.o [1]
TC2_Handler             0x2007'09a7    0x2  Code  Wk  exceptions.o [1]
TC3_Handler             0x2007'09a7    0x2  Code  Wk  exceptions.o [1]
TC4_Handler             0x2007'09a7    0x2  Code  Wk  exceptions.o [1]
TC5_Handler             0x2007'09a7    0x2  Code  Wk  exceptions.o [1]
TRNG_Handler            0x2007'09a7    0x2  Code  Wk  exceptions.o [1]
TWI0_Handler            0x2007'09a7    0x2  Code  Wk  exceptions.o [1]
TWI1_Handler            0x2007'09a7    0x2  Code  Wk  exceptions.o [1]
Ticks                   0x2007'1278    0x4  Data  Gb  kernel_functions.o [1]
TimerInt                0x2007'0c5b   0xa0  Code  Gb  kernel_functions.o [1]
TimerList               0x2007'1288    0x4  Data  Gb  kernel_functions.o [1]
UART_Handler            0x2007'09a7    0x2  Code  Wk  exceptions.o [1]
UOTGHS_Handler          0x2007'09a7    0x2  Code  Wk  exceptions.o [1]
USART0_Handler          0x2007'09a7    0x2  Code  Wk  exceptions.o [1]
USART1_Handler          0x2007'09a7    0x2  Code  Wk  exceptions.o [1]
USART2_Handler          0x2007'09a7    0x2  Code  Wk  exceptions.o [1]
UsageFault_Handler      0x2007'09a7    0x2  Code  Wk  exceptions.o [1]
WDT_Handler             0x2007'09a7    0x2  Code  Wk  exceptions.o [1]
WaitingList             0x2007'1284    0x4  Data  Gb  kernel_functions.o [1]
__aeabi_memcpy          0x2007'0901         Code  Gb  ABImemcpy.o [3]
__aeabi_memcpy4         0x2007'0921         Code  Gb  ABImemcpy.o [3]
__aeabi_memcpy8         0x2007'0921         Code  Gb  ABImemcpy.o [3]
__basic_calloc          0x2007'06ff   0x36  Code  Gb  heap0.o [2]
__basic_free            0x2007'0675   0x16  Code  Gb  heap0.o [2]
__basic_free_intern     0x2007'068b   0x74  Code  Lc  heap0.o [2]
__basic_malloc          0x2007'05c9   0x18  Code  Gb  heap0.o [2]
__basic_malloc_intern   0x2007'05e1   0x94  Code  Lc  heap0.o [2]
__cmain                 0x2007'11e1         Code  Gb  cmain.o [3]
__data_GetMemChunk      0x2007'0d25   0x2c  Code  Gb  xgetmemchunk.o [2]
__data_GetMemChunk::start
                        0x2007'12ac    0x4  Data  Lc  xgetmemchunk.o [2]
__data_memzero          0x2007'0d51   0x12  Code  Gb  xxmemxmemzero.o [2]
__exit                  0x2007'1239   0x14  Code  Gb  exit.o [4]
__iar_copy_init3        0x2007'059f   0x2a  Code  Gb  copy_init3.o [3]
__iar_data_init3        0x2007'1201   0x28  Code  Gb  data_init.o [3]
__iar_program_start     0x2007'11d5         Code  Gb  cstartup.o [1]
__low_level_init        0x2007'11a5   0x20  Code  Gb  startup_sam3x.o [1]
__region_NFC_RAM_end__ {Abs}
                        0x2010'0fff         Data  Gb  <internal module>
__region_NFC_RAM_start__ {Abs}
                        0x2010'0000         Data  Gb  <internal module>
__region_RAM0_end__ {Abs}
                        0x2000'ffff         Data  Gb  <internal module>
__region_RAM0_size__ {Abs}
                           0x1'0000         Data  Gb  <internal module>
__region_RAM0_start__ {Abs}
                        0x2000'0000         Data  Gb  <internal module>
__region_RAM1_end__ {Abs}
                        0x2008'7fff         Data  Gb  <internal module>
__region_RAM1_size__ {Abs}
                             0x8000         Data  Gb  <internal module>
__region_RAM1_start__ {Abs}
                        0x2008'0000         Data  Gb  <internal module>
__region_RAM_end__ {Abs}
                        0x2008'7fff         Data  Gb  <internal module>
__region_RAM_size__ {Abs}
                           0x1'8000         Data  Gb  <internal module>
__region_RAM_start__ {Abs}
                        0x2007'0000         Data  Gb  <internal module>
__vector_table          0x2007'0000   0xf4  Data  Gb  startup_sam3x.o [1]
_call_main              0x2007'11ed         Code  Gb  cmain.o [3]
_exit                   0x2007'122d         Code  Gb  cexit.o [3]
charMbox                0x2007'12a0    0x4  Data  Gb  main.o [1]
create_lobj             0x2007'0a73   0x20  Code  Gb  kernel_functions.o [1]
create_mailbox          0x2007'00f5   0x24  Code  Gb  mailbox_functions.o [1]
create_task             0x2007'0a95   0x8e  Code  Gb  kernel_functions.o [1]
deadline                0x2007'0c4d    0xe  Code  Gb  kernel_functions.o [1]
emptyList               0x2007'0a5f   0x14  Code  Gb  kernel_functions.o [1]
exit                    0x2007'1229    0x4  Code  Gb  exit.o [2]
extract_from_waitinglist
                        0x2007'0145   0x60  Code  Gb  mailbox_functions.o [1]
extract_listhead        0x2007'0b6d   0x38  Code  Gb  kernel_functions.o [1]
extract_mailbox_msg     0x2007'0539   0x3e  Code  Gb  mailbox_functions.o [1]
floatMbox               0x2007'12a8    0x4  Data  Gb  main.o [1]
free                    0x2007'0d21    0x4  Code  Gb  heaptramp0.o [2]
g0                      0x2007'1298    0x4  Data  Gb  main.o [1]
g1                      0x2007'129c    0x4  Data  Gb  main.o [1]
g3                      0x2007'1268    0x4  Data  Gb  main.o [1]
generic_list            0x2007'0a45   0x1a  Code  Gb  kernel_functions.o [1]
high_deadline           0x2007'1270    0x4  Data  Gb  main.o [1]
idle                    0x2007'0a93    0x2  Code  Gb  kernel_functions.o [1]
init_kernel             0x2007'0b23   0x4a  Code  Gb  kernel_functions.o [1]
insert                  0x2007'09a9   0x9c  Code  Gb  kernel_functions.o [1]
insert_in_waiting       0x2007'0119   0x2c  Code  Gb  mailbox_functions.o [1]
insert_mailbox_msg      0x2007'0577   0x28  Code  Gb  mailbox_functions.o [1]
intMbox                 0x2007'12a4    0x4  Data  Gb  main.o [1]
isr_off                 0x2007'08e3         Code  Gb  context_switching_functions_march_2019.o [1]
isr_on                  0x2007'08d9         Code  Gb  context_switching_functions_march_2019.o [1]
low_deadline            0x2007'126c    0x4  Data  Gb  main.o [1]
main                    0x2007'0f91  0x112  Code  Gb  main.o [1]
receive_no_wait         0x2007'049d   0x86  Code  Gb  mailbox_functions.o [1]
receive_wait            0x2007'02a3  0x12a  Code  Gb  mailbox_functions.o [1]
run                     0x2007'0bdf   0x20  Code  Gb  kernel_functions.o [1]
send_no_wait            0x2007'03cd   0xd0  Code  Gb  mailbox_functions.o [1]
send_wait               0x2007'01a5   0xfe  Code  Gb  mailbox_functions.o [1]
switch_to_stack_of_next_task
                        0x2007'08c5         Code  Gb  context_switching_functions_march_2019.o [1]
task_body_1             0x2007'0dc3  0x124  Code  Gb  main.o [1]
task_body_2             0x2007'0ee7   0x30  Code  Gb  main.o [1]
task_body_3             0x2007'0f17   0x18  Code  Gb  main.o [1]
task_body_4             0x2007'0f2f   0x3a  Code  Gb  main.o [1]
task_body_5             0x2007'0f69   0x28  Code  Gb  main.o [1]
terminate               0x2007'0ba5   0x3a  Code  Gb  kernel_functions.o [1]
wait                    0x2007'0bff   0x4e  Code  Gb  kernel_functions.o [1]


[1] = C:\Users\ckokk\Desktop\bbbb\CSE2_Gr17\Debug\Obj
[2] = dl7M_tln.a
[3] = rt7M_tl.a
[4] = shb_l.a

   4'440 bytes of readonly  code memory
     344 bytes of readonly  data memory
  10'320 bytes of readwrite data memory

Errors: none
Warnings: none
